04-07 11:45:20.060 W/System.err( 9602):     at com.kingwaytek.navi.SettingEngine.initDisplayMapIcon(SettingEngine.java:1346)
04-07 11:45:20.060 W/System.err( 9602):     at com.kingwaytek.navi.SettingEngine.startSetUpCitusEngine(SettingEngine.java:1699)
04-07 11:45:20.060 W/System.err( 9602):     at com.kingwaytek.MyApplication.setInitFollowIfEngineFirstCreate(MyApplication.java:86)
04-07 11:45:20.060 W/System.err( 9602):     at com.kingwaytek.MyApplication.onEngineServiceConnected(MyApplication.java:68)
04-07 11:45:20.060 W/System.err( 9602):     at com.kingwaytek.BaseApplication$3.onServiceConnected(BaseApplication.java:113)
04-07 11:45:20.060 W/System.err( 9602):     at android.app.LoadedApk$ServiceDispatcher.doConnected(LoadedApk.java:1110)
04-07 11:45:20.060 W/System.err( 9602):     at android.app.LoadedApk$ServiceDispatcher$RunConnection.run(LoadedApk.java:1127)
04-07 11:45:20.060 W/System.err( 9602):     at android.os.Handler.handleCallback(Handler.java:733)
04-07 11:45:20.060 W/System.err( 9602):     at android.os.Handler.dispatchMessage(Handler.java:95)
04-07 11:45:20.060 W/System.err( 9602):     at android.os.Looper.loop(Looper.java:136)
04-07 11:45:20.060 W/System.err( 9602):     at android.app.ActivityThread.main(ActivityThread.java:5072)
04-07 11:45:20.060 W/System.err( 9602):     at java.lang.reflect.Method.invokeNative(Native Method)
04-07 11:45:20.060 W/System.err( 9602):     at java.lang.reflect.Method.invoke(Method.java:515)
04-07 11:45:20.060 W/System.err( 9602):     at com.android.internal.os.ZygoteInit$MethodAndArgsCaller.run(ZygoteInit.java:780)
04-07 11:45:20.060 W/System.err( 9602):     at com.android.internal.os.ZygoteInit.main(ZygoteInit.java:596)
04-07 11:45:20.060 W/System.err( 9602):     at dalvik.system.NativeStart.main(Native Method)
04-07 11:45:20.060 W/System.err( 9602): android.os.DeadObjectException
04-07 11:45:20.060 W/System.err( 9602):     at android.os.BinderProxy.transact(Native Method)
04-07 11:45:20.060 W/System.err( 9602):     at com.kingwaytek.service.EngineAidl$Stub$Proxy.MV3D_ShowPoiCategory(EngineAidl.java:7491)
04-07 11:45:20.060 W/System.err( 9602):     at com.kingwaytek.navi.jni.EngineApi$Setting.MV3D_ShowPoiCategory(EngineApi.java:2279)
04-07 11:45:20.060 W/System.err( 9602):     at com.kingwaytek.navi.SettingEngine$MapIconDisplay.setShowPoiCategory(SettingEngine.java:101)
04-07 11:45:20.060 W/System.err( 9602):     at com.kingwaytek.navi.SettingEngine.initDisplayMapIcon(SettingEngine.java:1346)
04-07 11:45:20.060 W/System.err( 9602):     at com.kingwaytek.navi.SettingEngine.startSetUpCitusEngine(SettingEngine.java:1699)
04-07 11:45:20.060 W/System.err( 9602):     at com.kingwaytek.MyApplication.setInitFollowIfEngineFirstCreate(MyApplication.java:86)
04-07 11:45:20.060 W/System.err( 9602):     at com.kingwaytek.MyApplication.onEngineServiceConnected(MyApplication.java:68)
04-07 11:45:20.060 W/System.err( 9602):     at com.kingwaytek.BaseApplication$3.onServiceConnected(BaseApplication.java:113)
04-07 11:45:20.060 W/System.err( 9602):     at android.app.LoadedApk$ServiceDispatcher.doConnected(LoadedApk.java:1110)
04-07 11:45:20.060 D/dalvikvm( 9721): DexOpt: unable to opt direct call 0x0c2c at 0x0e in Laal;.a
04-07 11:45:20.060 W/System.err( 9602):     at android.app.LoadedApk$ServiceDispatcher$RunConnection.run(LoadedApk.java:1127)
04-07 11:45:20.060 W/System.err( 9602):     at android.os.Handler.handleCallback(Handler.java:733)
04-07 11:45:20.060 W/System.err( 9602):     at android.os.Handler.dispatchMessage(Handler.java:95)
04-07 11:45:20.060 W/System.err( 9602):     at android.os.Looper.loop(Looper.java:136)
04-07 11:45:20.060 W/System.err( 9602):     at android.app.ActivityThread.main(ActivityThread.java:5072)
04-07 11:45:20.060 W/System.err( 9602):     at java.lang.reflect.Method.invokeNative(Native Method)
04-07 11:45:20.060 W/System.err( 9602):     at java.lang.reflect.Method.invoke(Method.java:515)
04-07 11:45:20.060 W/System.err( 9602):     at com.android.internal.os.ZygoteInit$MethodAndArgsCaller.run(ZygoteInit.java:780)
04-07 11:45:20.060 W/System.err( 9602):     at com.android.internal.os.ZygoteInit.main(ZygoteInit.java:596)
04-07 11:45:20.060 W/System.err( 9602):     at dalvik.system.NativeStart.main(Native Method)
04-07 11:45:20.060 D/dalvikvm( 9721): DexOpt: unable to opt direct call 0x17e4 at 0x69 in Laal;.a
04-07 11:45:20.060 W/System.err( 9602): android.os.DeadObjectException
04-07 11:45:20.060 D/dalvikvm( 9721): DexOpt: unable to opt direct call 0x17e2 at 0x88 in Laal;.a
04-07 11:45:20.060 W/System.err( 9602):     at android.os.BinderProxy.transact(Native Method)
04-07 11:45:20.070 W/System.err( 9602):     at com.kingwaytek.service.EngineAidl$Stub$Proxy.MV3D_ShowPoiCategory(EngineAidl.java:7491)
04-07 11:45:20.070 W/System.err( 9602):     at com.kingwaytek.navi.jni.EngineApi$Setting.MV3D_ShowPoiCategory(EngineApi.java:2279)
04-07 11:45:20.070 W/System.err( 9602):     at com.kingwaytek.navi.SettingEngine$MapIconDisplay.setShowPoiCategory(SettingEngine.java:101)
04-07 11:45:20.070 W/System.err( 9602):     at com.kingwaytek.navi.SettingEngine.initDisplayMapIcon(SettingEngine.java:1346)
04-07 11:45:20.070 W/System.err( 9602):     at com.kingwaytek.navi.SettingEngine.startSetUpCitusEngine(SettingEngine.java:1699)
04-07 11:45:20.070 W/System.err( 9602):     at com.kingwaytek.MyApplication.setInitFollowIfEngineFirstCreate(MyApplication.java:86)
04-07 11:45:20.070 W/System.err( 9602):     at com.kingwaytek.MyApplication.onEngineServiceConnected(MyApplication.java:68)
04-07 11:45:20.070 W/System.err( 9602):     at com.kingwaytek.BaseApplication$3.onServiceConnected(BaseApplication.java:113)
04-07 11:45:20.070 W/System.err( 9602):     at android.app.LoadedApk$ServiceDispatcher.doConnected(LoadedApk.java:1110)
04-07 11:45:20.070 W/System.err( 9602):     at android.app.LoadedApk$ServiceDispatcher$RunConnection.run(LoadedApk.java:1127)
04-07 11:45:20.070 W/System.err( 9602):     at android.os.Handler.handleCallback(Handler.java:733)
04-07 11:45:20.070 W/System.err( 9602):     at android.os.Handler.dispatchMessage(Handler.java:95)
04-07 11:45:20.070 W/dalvikvm( 9721): Unable to resolve superclass of Lca; (873)
04-07 11:45:20.070 W/dalvikvm( 9721): Link of class 'Lca;' failed
04-07 11:45:20.070 W/System.err( 9602):     at android.os.Looper.loop(Looper.java:136)
04-07 11:45:20.070 W/System.err( 9602):     at android.app.ActivityThread.main(ActivityThread.java:5072)
04-07 11:45:20.070 W/System.err( 9602):     at java.lang.reflect.Method.invokeNative(Native Method)
04-07 11:45:20.070 D/dalvikvm( 9721): DexOpt: unable to opt direct call 0x329d at 0x08 in Laal;.a
04-07 11:45:20.070 W/System.err( 9602):     at java.lang.reflect.Method.invoke(Method.java:515)
04-07 11:45:20.070 W/System.err( 9602):     at com.android.internal.os.ZygoteInit$MethodAndArgsCaller.run(ZygoteInit.java:780)
04-07 11:45:20.070 W/System.err( 9602):     at com.android.internal.os.ZygoteInit.main(ZygoteInit.java:596)
04-07 11:45:20.070 W/System.err( 9602):     at dalvik.system.NativeStart.main(Native Method)
04-07 11:45:20.070 W/System.err( 9602): android.os.DeadObjectException
04-07 11:45:20.070 D/dalvikvm( 9721): DexOpt: unable to opt direct call 0x0c84 at 0x13 in Laal;.a
04-07 11:45:20.070 W/System.err( 9602):     at android.os.BinderProxy.transact(Native Method)
04-07 11:45:20.070 W/System.err( 9602):     at com.kingwaytek.service.EngineAidl$Stub$Proxy.MV3D_ShowPoiCategory(EngineAidl.java:7491)
04-07 11:45:20.070 W/System.err( 9602):     at com.kingwaytek.navi.jni.EngineApi$Setting.MV3D_ShowPoiCategory(EngineApi.java:2279)
04-07 11:45:20.070 W/System.err( 9602):     at com.kingwaytek.navi.SettingEngine$MapIconDisplay.setShowPoiCategory(SettingEngine.java:101)
04-07 11:45:20.070 W/System.err( 9602):     at com.kingwaytek.navi.SettingEngine.initDisplayMapIcon(SettingEngine.java:1346)
04-07 11:45:20.070 W/System.err( 9602):     at com.kingwaytek.navi.SettingEngine.startSetUpCitusEngine(SettingEngine.java:1699)
04-07 11:45:20.070 W/System.err( 9602):     at com.kingwaytek.MyApplication.setInitFollowIfEngineFirstCreate(MyApplication.java:86)
04-07 11:45:20.070 W/System.err( 9602):     at com.kingwaytek.MyApplication.onEngineServiceConnected(MyApplication.java:68)
04-07 11:45:20.070 W/System.err( 9602):     at com.kingwaytek.BaseApplication$3.onServiceConnected(BaseApplication.java:113)
04-07 11:45:20.070 W/System.err( 9602):     at android.app.LoadedApk$ServiceDispatcher.doConnected(LoadedApk.java:1110)
04-07 11:45:20.070 W/System.err( 9602):     at android.app.LoadedApk$ServiceDispatcher$RunConnection.run(LoadedApk.java:1127)
04-07 11:45:20.070 W/System.err( 9602):     at android.os.Handler.handleCallback(Handler.java:733)
04-07 11:45:20.070 W/System.err( 9602):     at android.os.Handler.dispatchMessage(Handler.java:95)
04-07 11:45:20.070 W/System.err( 9602):     at android.os.Looper.loop(Looper.java:136)
04-07 11:45:20.070 W/System.err( 9602):     at android.app.ActivityThread.main(ActivityThread.java:5072)
04-07 11:45:20.070 W/System.err( 9602):     at java.lang.reflect.Method.invokeNative(Native Method)
04-07 11:45:20.070 W/System.err( 9602):     at java.lang.reflect.Method.invoke(Method.java:515)
04-07 11:45:20.070 W/System.err( 9602):     at com.android.internal.os.ZygoteInit$MethodAndArgsCaller.run(ZygoteInit.java:780)
04-07 11:45:20.070 W/System.err( 9602):     at com.android.internal.os.ZygoteInit.main(ZygoteInit.java:596)
04-07 11:45:20.070 W/System.err( 9602):     at dalvik.system.NativeStart.main(Native Method)
04-07 11:45:20.070 W/System.err( 9602): android.os.DeadObjectException
04-07 11:45:20.070 W/System.err( 9602):     at android.os.BinderProxy.transact(Native Method)
04-07 11:45:20.070 W/System.err( 9602):     at com.kingwaytek.service.EngineAidl$Stub$Proxy.MV3D_ShowPoiCategory(EngineAidl.java:7491)
04-07 11:45:20.070 W/System.err( 9602):     at com.kingwaytek.navi.jni.EngineApi$Setting.MV3D_ShowPoiCategory(EngineApi.java:2279)
04-07 11:45:20.070 W/System.err( 9602):     at com.kingwaytek.navi.SettingEngine$MapIconDisplay.setShowPoiCategory(SettingEngine.java:101)
04-07 11:45:20.070 W/System.err( 9602):     at com.kingwaytek.navi.SettingEngine.initDisplayMapIcon(SettingEngine.java:1346)
04-07 11:45:20.070 W/System.err( 9602):     at com.kingwaytek.navi.SettingEngine.startSetUpCitusEngine(SettingEngine.java:1699)
04-07 11:45:20.070 D/dalvikvm( 9721): DexOpt: unable to opt direct call 0x1703 at 0x0b in Laal;.m
04-07 11:45:20.070 W/System.err( 9602):     at com.kingwaytek.MyApplication.setInitFollowIfEngineFirstCreate(MyApplication.java:86)
04-07 11:45:20.070 W/System.err( 9602):     at com.kingwaytek.MyApplication.onEngineServiceConnected(MyApplication.java:68)
04-07 11:45:20.070 W/System.err( 9602):     at com.kingwaytek.BaseApplication$3.onServiceConnected(BaseApplication.java:113)
04-07 11:45:20.070 W/System.err( 9602):     at android.app.LoadedApk$ServiceDispatcher.doConnected(LoadedApk.java:1110)
04-07 11:45:20.070 W/System.err( 9602):     at android.app.LoadedApk$ServiceDispatcher$RunConnection.run(LoadedApk.java:1127)
04-07 11:45:20.070 W/System.err( 9602):     at android.os.Handler.handleCallback(Handler.java:733)
04-07 11:45:20.070 W/System.err( 9602):     at android.os.Handler.dispatchMessage(Handler.java:95)
04-07 11:45:20.070 W/System.err( 9602):     at android.os.Looper.loop(Looper.java:136)
04-07 11:45:20.070 W/System.err( 9602):     at android.app.ActivityThread.main(ActivityThread.java:5072)
04-07 11:45:20.070 W/System.err( 9602):     at java.lang.reflect.Method.invokeNative(Native Method)
04-07 11:45:20.070 W/System.err( 9602):     at java.lang.reflect.Method.invoke(Method.java:515)
04-07 11:45:20.070 W/System.err( 9602):     at com.android.internal.os.ZygoteInit$MethodAndArgsCaller.run(ZygoteInit.java:780)
04-07 11:45:20.070 W/System.err( 9602):     at com.android.internal.os.ZygoteInit.main(ZygoteInit.java:596)
04-07 11:45:20.070 W/System.err( 9602):     at dalvik.system.NativeStart.main(Native Method)
04-07 11:45:20.070 W/System.err( 9602): android.os.DeadObjectException
04-07 11:45:20.070 W/System.err( 9602):     at android.os.BinderProxy.transact(Native Method)
04-07 11:45:20.070 W/System.err( 9602):     at com.kingwaytek.service.EngineAidl$Stub$Proxy.MV3D_ShowPoiCategory(EngineAidl.java:7491)
04-07 11:45:20.070 W/System.err( 9602):     at com.kingwaytek.navi.jni.EngineApi$Setting.MV3D_ShowPoiCategory(EngineApi.java:2279)
04-07 11:45:20.070 W/System.err( 9602):     at com.kingwaytek.navi.SettingEngine$MapIconDisplay.setShowPoiCategory(SettingEngine.java:101)
04-07 11:45:20.070 W/System.err( 9602):     at com.kingwaytek.navi.SettingEngine.initDisplayMapIcon(SettingEngine.java:1346)
04-07 11:45:20.070 W/System.err( 9602):     at com.kingwaytek.navi.SettingEngine.startSetUpCitusEngine(SettingEngine.java:1699)
04-07 11:45:20.070 W/System.err( 9602):     at com.kingwaytek.MyApplication.setInitFollowIfEngineFirstCreate(MyApplication.java:86)
04-07 11:45:20.070 W/System.err( 9602):     at com.kingwaytek.MyApplication.onEngineServiceConnected(MyApplication.java:68)
04-07 11:45:20.070 W/System.err( 9602):     at com.kingwaytek.BaseApplication$3.onServiceConnected(BaseApplication.java:113)
04-07 11:45:20.070 W/System.err( 9602):     at android.app.LoadedApk$ServiceDispatcher.doConnected(LoadedApk.java:1110)
04-07 11:45:20.070 W/System.err( 9602):     at android.app.LoadedApk$ServiceDispatcher$RunConnection.run(LoadedApk.java:1127)
04-07 11:45:20.070 W/System.err( 9602):     at android.os.Handler.handleCallback(Handler.java:733)
04-07 11:45:20.070 W/System.err( 9602):     at android.os.Handler.dispatchMessage(Handler.java:95)
04-07 11:45:20.070 W/System.err( 9602):     at android.os.Looper.loop(Looper.java:136)
04-07 11:45:20.070 W/System.err( 9602):     at android.app.ActivityThread.main(ActivityThread.java:5072)
04-07 11:45:20.070 W/System.err( 9602):     at java.lang.reflect.Method.invokeNative(Native Method)
04-07 11:45:20.070 W/System.err( 9602):     at java.lang.reflect.Method.invoke(Method.java:515)
04-07 11:45:20.070 W/System.err( 9602):     at com.android.internal.os.ZygoteInit$MethodAndArgsCaller.run(ZygoteInit.java:780)
04-07 11:45:20.070 W/System.err( 9602):     at com.android.internal.os.ZygoteInit.main(ZygoteInit.java:596)
04-07 11:45:20.070 W/System.err( 9602):     at dalvik.system.NativeStart.main(Native Method)
04-07 11:45:20.080 W/System.err( 9602): android.os.DeadObjectException
04-07 11:45:20.080 W/System.err( 9602):     at android.os.BinderProxy.transact(Native Method)
04-07 11:45:20.080 W/System.err( 9602):     at com.kingwaytek.service.EngineAidl$Stub$Proxy.MV3D_ShowPoiCategory(EngineAidl.java:7491)
04-07 11:45:20.080 W/System.err( 9602):     at com.kingwaytek.navi.jni.EngineApi$Setting.MV3D_ShowPoiCategory(EngineApi.java:2279)
04-07 11:45:20.080 W/System.err( 9602):     at com.kingwaytek.navi.SettingEngine$MapIconDisplay.setShowPoiCategory(SettingEngine.java:101)
04-07 11:45:20.080 W/System.err( 9602):     at com.kingwaytek.navi.SettingEngine.initDisplayMapIcon(SettingEngine.java:1346)
04-07 11:45:20.080 W/System.err( 9602):     at com.kingwaytek.navi.SettingEngine.startSetUpCitusEngine(SettingEngine.java:1699)
04-07 11:45:20.080 W/System.err( 9602):     at com.kingwaytek.MyApplication.setInitFollowIfEngineFirstCreate(MyApplication.java:86)
04-07 11:45:20.080 W/System.err( 9602):     at com.kingwaytek.MyApplication.onEngineServiceConnected(MyApplication.java:68)
04-07 11:45:20.080 W/System.err( 9602):     at com.kingwaytek.BaseApplication$3.onServiceConnected(BaseApplication.java:113)
04-07 11:45:20.080 W/System.err( 9602):     at android.app.LoadedApk$ServiceDispatcher.doConnected(LoadedApk.java:1110)
04-07 11:45:20.080 W/System.err( 9602):     at android.app.LoadedApk$ServiceDispatcher$RunConnection.run(LoadedApk.java:1127)
04-07 11:45:20.080 W/System.err( 9602):     at android.os.Handler.handleCallback(Handler.java:733)
04-07 11:45:20.080 W/System.err( 9602):     at android.os.Handler.dispatchMessage(Handler.java:95)
04-07 11:45:20.080 W/System.err( 9602):     at android.os.Looper.loop(Looper.java:136)
04-07 11:45:20.080 W/System.err( 9602):     at android.app.ActivityThread.main(ActivityThread.java:5072)
04-07 11:45:20.080 W/System.err( 9602):     at java.lang.reflect.Method.invokeNative(Native Method)
04-07 11:45:20.080 W/System.err( 9602):     at java.lang.reflect.Method.invoke(Method.java:515)
04-07 11:45:20.080 W/System.err( 9602):     at com.android.internal.os.ZygoteInit$MethodAndArgsCaller.run(ZygoteInit.java:780)
04-07 11:45:20.080 W/System.err( 9602):     at com.android.internal.os.ZygoteInit.main(ZygoteInit.java:596)
04-07 11:45:20.080 W/System.err( 9602):     at dalvik.system.NativeStart.main(Native Method)
04-07 11:45:20.080 W/System.err( 9602): android.os.DeadObjectException
04-07 11:45:20.080 W/System.err( 9602):     at android.os.BinderProxy.transact(Native Method)
04-07 11:45:20.080 W/System.err( 9602):     at com.kingwaytek.service.EngineAidl$Stub$Proxy.MV3D_ShowPoiCategory(EngineAidl.java:7491)
04-07 11:45:20.080 W/System.err( 9602):     at com.kingwaytek.navi.jni.EngineApi$Setting.MV3D_ShowPoiCategory(EngineApi.java:2279)
04-07 11:45:20.080 W/System.err( 9602):     at com.kingwaytek.navi.SettingEngine$MapIconDisplay.setShowPoiCategory(SettingEngine.java:101)
04-07 11:45:20.080 W/System.err( 9602):     at com.kingwaytek.navi.SettingEngine.initDisplayMapIcon(SettingEngine.java:1346)
04-07 11:45:20.080 W/System.err( 9602):     at com.kingwaytek.navi.SettingEngine.startSetUpCitusEngine(SettingEngine.java:1699)
04-07 11:45:20.080 W/System.err( 9602):     at com.kingwaytek.MyApplication.setInitFollowIfEngineFirstCreate(MyApplication.java:86)
04-07 11:45:20.080 W/System.err( 9602):     at com.kingwaytek.MyApplication.onEngineServiceConnected(MyApplication.java:68)
04-07 11:45:20.080 W/System.err( 9602):     at com.kingwaytek.BaseApplication$3.onServiceConnected(BaseApplication.java:113)
04-07 11:45:20.080 W/System.err( 9602):     at android.app.LoadedApk$ServiceDispatcher.doConnected(LoadedApk.java:1110)
04-07 11:45:20.080 W/System.err( 9602):     at android.app.LoadedApk$ServiceDispatcher$RunConnection.run(LoadedApk.java:1127)
04-07 11:45:20.080 W/System.err( 9602):     at android.os.Handler.handleCallback(Handler.java:733)
04-07 11:45:20.080 W/System.err( 9602):     at android.os.Handler.dispatchMessage(Handler.java:95)
04-07 11:45:20.080 W/System.err( 9602):     at android.os.Looper.loop(Looper.java:136)
04-07 11:45:20.080 W/System.err( 9602):     at android.app.ActivityThread.main(ActivityThread.java:5072)
04-07 11:45:20.080 W/System.err( 9602):     at java.lang.reflect.Method.invokeNative(Native Method)
04-07 11:45:20.080 W/System.err( 9602):     at java.lang.reflect.Method.invoke(Method.java:515)
04-07 11:45:20.080 W/System.err( 9602):     at com.android.internal.os.ZygoteInit$MethodAndArgsCaller.run(ZygoteInit.java:780)
04-07 11:45:20.080 W/System.err( 9602):     at com.android.internal.os.ZygoteInit.main(ZygoteInit.java:596)
04-07 11:45:20.080 W/System.err( 9602):     at dalvik.system.NativeStart.main(Native Method)
04-07 11:45:20.080 W/System.err( 9602): android.os.DeadObjectException
04-07 11:45:20.080 W/System.err( 9602):     at android.os.BinderProxy.transact(Native Method)
04-07 11:45:20.080 W/System.err( 9602):     at com.kingwaytek.service.EngineAidl$Stub$Proxy.MV3D_ShowPoiCategory(EngineAidl.java:7491)
04-07 11:45:20.080 W/System.err( 9602):     at com.kingwaytek.navi.jni.EngineApi$Setting.MV3D_ShowPoiCategory(EngineApi.java:2279)
04-07 11:45:20.080 W/System.err( 9602):     at com.kingwaytek.navi.SettingEngine$MapIconDisplay.setShowPoiCategory(SettingEngine.java:101)
04-07 11:45:20.080 W/System.err( 9602):     at com.kingwaytek.navi.SettingEngine.initDisplayMapIcon(SettingEngine.java:1346)
04-07 11:45:20.080 W/System.err( 9602):     at com.kingwaytek.navi.SettingEngine.startSetUpCitusEngine(SettingEngine.java:1699)
04-07 11:45:20.080 W/System.err( 9602):     at com.kingwaytek.MyApplication.setInitFollowIfEngineFirstCreate(MyApplication.java:86)
04-07 11:45:20.080 W/System.err( 9602):     at com.kingwaytek.MyApplication.onEngineServiceConnected(MyApplication.java:68)
04-07 11:45:20.080 W/System.err( 9602):     at com.kingwaytek.BaseApplication$3.onServiceConnected(BaseApplication.java:113)
04-07 11:45:20.080 W/System.err( 9602):     at android.app.LoadedApk$ServiceDispatcher.doConnected(LoadedApk.java:1110)
04-07 11:45:20.080 W/System.err( 9602):     at android.app.LoadedApk$ServiceDispatcher$RunConnection.run(LoadedApk.java:1127)
04-07 11:45:20.080 W/System.err( 9602):     at android.os.Handler.handleCallback(Handler.java:733)
04-07 11:45:20.080 W/System.err( 9602):     at android.os.Handler.dispatchMessage(Handler.java:95)
04-07 11:45:20.080 W/System.err( 9602):     at android.os.Looper.loop(Looper.java:136)
04-07 11:45:20.080 W/System.err( 9602):     at android.app.ActivityThread.main(ActivityThread.java:5072)
04-07 11:45:20.080 W/System.err( 9602):     at java.lang.reflect.Method.invokeNative(Native Method)
04-07 11:45:20.080 W/System.err( 9602):     at java.lang.reflect.Method.invoke(Method.java:515)
04-07 11:45:20.080 W/System.err( 9602):     at com.android.internal.os.ZygoteInit$MethodAndArgsCaller.run(ZygoteInit.java:780)
04-07 11:45:20.080 W/System.err( 9602):     at com.android.internal.os.ZygoteInit.main(ZygoteInit.java:596)
04-07 11:45:20.090 W/System.err( 9602):     at dalvik.system.NativeStart.main(Native Method)
04-07 11:45:20.090 W/System.err( 9602): android.os.DeadObjectException
04-07 11:45:20.090 W/System.err( 9602):     at android.os.BinderProxy.transact(Native Method)
04-07 11:45:20.090 W/System.err( 9602):     at com.kingwaytek.service.EngineAidl$Stub$Proxy.MV3D_ShowPoiCategory(EngineAidl.java:7491)
04-07 11:45:20.090 W/System.err( 9602):     at com.kingwaytek.navi.jni.EngineApi$Setting.MV3D_ShowPoiCategory(EngineApi.java:2279)
04-07 11:45:20.090 W/System.err( 9602):     at com.kingwaytek.navi.SettingEngine$MapIconDisplay.setShowPoiCategory(SettingEngine.java:101)
04-07 11:45:20.090 W/System.err( 9602):     at com.kingwaytek.navi.SettingEngine.initDisplayMapIcon(SettingEngine.java:1346)
04-07 11:45:20.090 W/System.err( 9602):     at com.kingwaytek.navi.SettingEngine.startSetUpCitusEngine(SettingEngine.java:1699)
04-07 11:45:20.090 W/System.err( 9602):     at com.kingwaytek.MyApplication.setInitFollowIfEngineFirstCreate(MyApplication.java:86)
04-07 11:45:20.090 W/System.err( 9602):     at com.kingwaytek.MyApplication.onEngineServiceConnected(MyApplication.java:68)
04-07 11:45:20.090 W/System.err( 9602):     at com.kingwaytek.BaseApplication$3.onServiceConnected(BaseApplication.java:113)
04-07 11:45:20.090 W/System.err( 9602):     at android.app.LoadedApk$ServiceDispatcher.doConnected(LoadedApk.java:1110)
04-07 11:45:20.090 W/System.err( 9602):     at android.app.LoadedApk$ServiceDispatcher$RunConnection.run(LoadedApk.java:1127)
04-07 11:45:20.090 W/System.err( 9602):     at android.os.Handler.handleCallback(Handler.java:733)
04-07 11:45:20.090 W/System.err( 9602):     at android.os.Handler.dispatchMessage(Handler.java:95)
04-07 11:45:20.090 W/System.err( 9602):     at android.os.Looper.loop(Looper.java:136)
04-07 11:45:20.090 W/System.err( 9602):     at android.app.ActivityThread.main(ActivityThread.java:5072)
04-07 11:45:20.090 W/System.err( 9602):     at java.lang.reflect.Method.invokeNative(Native Method)
04-07 11:45:20.090 W/System.err( 9602):     at java.lang.reflect.Method.invoke(Method.java:515)
04-07 11:45:20.090 W/System.err( 9602):     at com.android.internal.os.ZygoteInit$MethodAndArgsCaller.run(ZygoteInit.java:780)
04-07 11:45:20.090 W/System.err( 9602):     at com.android.internal.os.ZygoteInit.main(ZygoteInit.java:596)
04-07 11:45:20.090 W/System.err( 9602):     at dalvik.system.NativeStart.main(Native Method)
04-07 11:45:20.090 W/System.err( 9602): android.os.DeadObjectException
04-07 11:45:20.090 W/System.err( 9602):     at android.os.BinderProxy.transact(Native Method)
04-07 11:45:20.090 W/System.err( 9602):     at com.kingwaytek.service.EngineAidl$Stub$Proxy.MV3D_ShowPoiCategory(EngineAidl.java:7491)
04-07 11:45:20.090 W/System.err( 9602):     at com.kingwaytek.navi.jni.EngineApi$Setting.MV3D_ShowPoiCategory(EngineApi.java:2279)
04-07 11:45:20.090 W/System.err( 9602):     at com.kingwaytek.navi.SettingEngine$MapIconDisplay.setShowPoiCategory(SettingEngine.java:101)
04-07 11:45:20.090 W/System.err( 9602):     at com.kingwaytek.navi.SettingEngine.initDisplayMapIcon(SettingEngine.java:1346)
04-07 11:45:20.090 W/System.err( 9602):     at com.kingwaytek.navi.SettingEngine.startSetUpCitusEngine(SettingEngine.java:1699)
04-07 11:45:20.090 W/System.err( 9602):     at com.kingwaytek.MyApplication.setInitFollowIfEngineFirstCreate(MyApplication.java:86)
04-07 11:45:20.090 W/System.err( 9602):     at com.kingwaytek.MyApplication.onEngineServiceConnected(MyApplication.java:68)
04-07 11:45:20.090 W/System.err( 9602):     at com.kingwaytek.BaseApplication$3.onServiceConnected(BaseApplication.java:113)
04-07 11:45:20.090 W/System.err( 9602):     at android.app.LoadedApk$ServiceDispatcher.doConnected(LoadedApk.java:1110)
04-07 11:45:20.090 W/System.err( 9602):     at android.app.LoadedApk$ServiceDispatcher$RunConnection.run(LoadedApk.java:1127)
04-07 11:45:20.090 W/System.err( 9602):     at android.os.Handler.handleCallback(Handler.java:733)
04-07 11:45:20.090 W/System.err( 9602):     at android.os.Handler.dispatchMessage(Handler.java:95)
04-07 11:45:20.090 W/System.err( 9602):     at android.os.Looper.loop(Looper.java:136)
04-07 11:45:20.090 W/System.err( 9602):     at android.app.ActivityThread.main(ActivityThread.java:5072)
04-07 11:45:20.090 W/System.err( 9602):     at java.lang.reflect.Method.invokeNative(Native Method)
04-07 11:45:20.090 W/System.err( 9602):     at java.lang.reflect.Method.invoke(Method.java:515)
04-07 11:45:20.090 W/System.err( 9602):     at com.android.internal.os.ZygoteInit$MethodAndArgsCaller.run(ZygoteInit.java:780)
04-07 11:45:20.090 W/System.err( 9602):     at com.android.internal.os.ZygoteInit.main(ZygoteInit.java:596)
04-07 11:45:20.090 W/System.err( 9602):     at dalvik.system.NativeStart.main(Native Method)
04-07 11:45:20.090 W/System.err( 9602): android.os.DeadObjectException
04-07 11:45:20.090 W/System.err( 9602):     at android.os.BinderProxy.transact(Native Method)
04-07 11:45:20.090 W/System.err( 9602):     at com.kingwaytek.service.EngineAidl$Stub$Proxy.MV3D_ShowPoiCategory(EngineAidl.java:7491)
04-07 11:45:20.090 W/System.err( 9602):     at com.kingwaytek.navi.jni.EngineApi$Setting.MV3D_ShowPoiCategory(EngineApi.java:2279)
04-07 11:45:20.090 W/System.err( 9602):     at com.kingwaytek.navi.SettingEngine$MapIconDisplay.setShowPoiCategory(SettingEngine.java:101)
04-07 11:45:20.090 W/System.err( 9602):     at com.kingwaytek.navi.SettingEngine.initDisplayMapIcon(SettingEngine.java:1346)
04-07 11:45:20.090 W/System.err( 9602):     at com.kingwaytek.navi.SettingEngine.startSetUpCitusEngine(SettingEngine.java:1699)
04-07 11:45:20.090 W/System.err( 9602):     at com.kingwaytek.MyApplication.setInitFollowIfEngineFirstCreate(MyApplication.java:86)
04-07 11:45:20.090 W/System.err( 9602):     at com.kingwaytek.MyApplication.onEngineServiceConnected(MyApplication.java:68)
04-07 11:45:20.090 W/System.err( 9602):     at com.kingwaytek.BaseApplication$3.onServiceConnected(BaseApplication.java:113)
04-07 11:45:20.090 W/System.err( 9602):     at android.app.LoadedApk$ServiceDispatcher.doConnected(LoadedApk.java:1110)
04-07 11:45:20.090 W/System.err( 9602):     at android.app.LoadedApk$ServiceDispatcher$RunConnection.run(LoadedApk.java:1127)
04-07 11:45:20.090 W/System.err( 9602):     at android.os.Handler.handleCallback(Handler.java:733)
04-07 11:45:20.090 W/System.err( 9602):     at android.os.Handler.dispatchMessage(Handler.java:95)
04-07 11:45:20.090 W/System.err( 9602):     at android.os.Looper.loop(Looper.java:136)
04-07 11:45:20.090 D/BatteryStatsImpl(  821): noteStopWakeLocked com.google.android.gms.persistent isFromForeground = false
04-07 11:45:20.090 W/System.err( 9602):     at android.app.ActivityThread.main(ActivityThread.java:5072)
04-07 11:45:20.090 W/System.err( 9602):     at java.lang.reflect.Method.invokeNative(Native Method)
04-07 11:45:20.090 W/System.err( 9602):     at java.lang.reflect.Method.invoke(Method.java:515)
04-07 11:45:20.090 W/System.err( 9602):     at com.android.internal.os.ZygoteInit$MethodAndArgsCaller.run(ZygoteInit.java:780)
04-07 11:45:20.090 W/System.err( 9602):     at com.android.internal.os.ZygoteInit.main(ZygoteInit.java:596)
04-07 11:45:20.090 W/System.err( 9602):     at dalvik.system.NativeStart.main(Native Method)
04-07 11:45:20.090 W/System.err( 9602): android.os.DeadObjectException
04-07 11:45:20.090 D/DeviceConf( 1152): Configuration file not found.
04-07 11:45:20.090 W/System.err( 9602):     at android.os.BinderProxy.transact(Native Method)
04-07 11:45:20.090 W/System.err( 9602):     at com.kingwaytek.service.EngineAidl$Stub$Proxy.MV3D_ShowPoiCategory(EngineAidl.java:7491)
04-07 11:45:20.090 W/System.err( 9602):     at com.kingwaytek.navi.jni.EngineApi$Setting.MV3D_ShowPoiCategory(EngineApi.java:2279)
04-07 11:45:20.090 W/System.err( 9602):     at com.kingwaytek.navi.SettingEngine$MapIconDisplay.setShowPoiCategory(SettingEngine.java:101)
04-07 11:45:20.090 W/System.err( 9602):     at com.kingwaytek.navi.SettingEngine.initDisplayMapIcon(SettingEngine.java:1346)
04-07 11:45:20.090 W/System.err( 9602):     at com.kingwaytek.navi.SettingEngine.startSetUpCitusEngine(SettingEngine.java:1699)
04-07 11:45:20.090 W/System.err( 9602):     at com.kingwaytek.MyApplication.setInitFollowIfEngineFirstCreate(MyApplication.java:86)
04-07 11:45:20.090 W/System.err( 9602):     at com.kingwaytek.MyApplication.onEngineServiceConnected(MyApplication.java:68)
04-07 11:45:20.090 W/System.err( 9602):     at com.kingwaytek.BaseApplication$3.onServiceConnected(BaseApplication.java:113)
04-07 11:45:20.090 W/System.err( 9602):     at android.app.LoadedApk$ServiceDispatcher.doConnected(LoadedApk.java:1110)
04-07 11:45:20.090 W/System.err( 9602):     at android.app.LoadedApk$ServiceDispatcher$RunConnection.run(LoadedApk.java:1127)
04-07 11:45:20.090 W/System.err( 9602):     at android.os.Handler.handleCallback(Handler.java:733)
04-07 11:45:20.090 W/System.err( 9602):     at android.os.Handler.dispatchMessage(Handler.java:95)
04-07 11:45:20.090 W/System.err( 9602):     at android.os.Looper.loop(Looper.java:136)
04-07 11:45:20.100 W/System.err( 9602):     at android.app.ActivityThread.main(ActivityThread.java:5072)
04-07 11:45:20.100 W/System.err( 9602):     at java.lang.reflect.Method.invokeNative(Native Method)
04-07 11:45:20.100 W/System.err( 9602):     at java.lang.reflect.Method.invoke(Method.java:515)
04-07 11:45:20.100 W/System.err( 9602):     at com.android.internal.os.ZygoteInit$MethodAndArgsCaller.run(ZygoteInit.java:780)
04-07 11:45:20.100 W/System.err( 9602):     at com.android.internal.os.ZygoteInit.main(ZygoteInit.java:596)
04-07 11:45:20.100 W/System.err( 9602):     at dalvik.system.NativeStart.main(Native Method)
04-07 11:45:20.100 W/System.err( 9602): android.os.DeadObjectException
04-07 11:45:20.100 W/System.err( 9602):     at android.os.BinderProxy.transact(Native Method)
04-07 11:45:20.100 W/System.err( 9602):     at com.kingwaytek.service.EngineAidl$Stub$Proxy.MV3D_ShowPoiCategory(EngineAidl.java:7491)
04-07 11:45:20.100 W/System.err( 9602):     at com.kingwaytek.navi.jni.EngineApi$Setting.MV3D_ShowPoiCategory(EngineApi.java:2279)
04-07 11:45:20.100 W/System.err( 9602):     at com.kingwaytek.navi.SettingEngine$MapIconDisplay.setShowPoiCategory(SettingEngine.java:101)
04-07 11:45:20.100 W/System.err( 9602):     at com.kingwaytek.navi.SettingEngine.initDisplayMapIcon(SettingEngine.java:1346)
04-07 11:45:20.100 W/System.err( 9602):     at com.kingwaytek.navi.SettingEngine.startSetUpCitusEngine(SettingEngine.java:1699)
04-07 11:45:20.100 W/System.err( 9602):     at com.kingwaytek.MyApplication.setInitFollowIfEngineFirstCreate(MyApplication.java:86)
04-07 11:45:20.100 W/System.err( 9602):     at com.kingwaytek.MyApplication.onEngineServiceConnected(MyApplication.java:68)
04-07 11:45:20.100 W/System.err( 9602):     at com.kingwaytek.BaseApplication$3.onServiceConnected(BaseApplication.java:113)
04-07 11:45:20.100 W/System.err( 9602):     at android.app.LoadedApk$ServiceDispatcher.doConnected(LoadedApk.java:1110)
04-07 11:45:20.100 W/System.err( 9602):     at android.app.LoadedApk$ServiceDispatcher$RunConnection.run(LoadedApk.java:1127)
04-07 11:45:20.100 W/System.err( 9602):     at android.os.Handler.handleCallback(Handler.java:733)
04-07 11:45:20.100 W/System.err( 9602):     at android.os.Handler.dispatchMessage(Handler.java:95)
04-07 11:45:20.100 W/System.err( 9602):     at android.os.Looper.loop(Looper.java:136)
04-07 11:45:20.100 W/System.err( 9602):     at android.app.ActivityThread.main(ActivityThread.java:5072)
04-07 11:45:20.100 W/System.err( 9602):     at java.lang.reflect.Method.invokeNative(Native Method)
04-07 11:45:20.100 W/System.err( 9602):     at java.lang.reflect.Method.invoke(Method.java:515)
04-07 11:45:20.100 W/System.err( 9602):     at com.android.internal.os.ZygoteInit$MethodAndArgsCaller.run(ZygoteInit.java:780)
04-07 11:45:20.100 W/System.err( 9602):     at com.android.internal.os.ZygoteInit.main(ZygoteInit.java:596)
04-07 11:45:20.100 W/System.err( 9602):     at dalvik.system.NativeStart.main(Native Method)
04-07 11:45:20.100 W/System.err( 9602): android.os.DeadObjectException
04-07 11:45:20.100 W/System.err( 9602):     at android.os.BinderProxy.transact(Native Method)
04-07 11:45:20.100 W/System.err( 9602):     at com.kingwaytek.service.EngineAidl$Stub$Proxy.MV3D_ShowPoiCategory(EngineAidl.java:7491)
04-07 11:45:20.100 W/System.err( 9602):     at com.kingwaytek.navi.jni.EngineApi$Setting.MV3D_ShowPoiCategory(EngineApi.java:2279)
04-07 11:45:20.100 W/System.err( 9602):     at com.kingwaytek.navi.SettingEngine$MapIconDisplay.setShowPoiCategory(SettingEngine.java:101)
04-07 11:45:20.100 W/System.err( 9602):     at com.kingwaytek.navi.SettingEngine.initDisplayMapIcon(SettingEngine.java:1346)
04-07 11:45:20.100 W/System.err( 9602):     at com.kingwaytek.navi.SettingEngine.startSetUpCitusEngine(SettingEngine.java:1699)
04-07 11:45:20.100 W/System.err( 9602):     at com.kingwaytek.MyApplication.setInitFollowIfEngineFirstCreate(MyApplication.java:86)
04-07 11:45:20.100 W/System.err( 9602):     at com.kingwaytek.MyApplication.onEngineServiceConnected(MyApplication.java:68)
04-07 11:45:20.100 W/System.err( 9602):     at com.kingwaytek.BaseApplication$3.onServiceConnected(BaseApplication.java:113)
04-07 11:45:20.100 W/System.err( 9602):     at android.app.LoadedApk$ServiceDispatcher.doConnected(LoadedApk.java:1110)
04-07 11:45:20.100 W/System.err( 9602):     at android.app.LoadedApk$ServiceDispatcher$RunConnection.run(LoadedApk.java:1127)
04-07 11:45:20.100 W/System.err( 9602):     at android.os.Handler.handleCallback(Handler.java:733)
04-07 11:45:20.100 W/System.err( 9602):     at android.os.Handler.dispatchMessage(Handler.java:95)
04-07 11:45:20.100 W/System.err( 9602):     at android.os.Looper.loop(Looper.java:136)
04-07 11:45:20.100 W/System.err( 9602):     at android.app.ActivityThread.main(ActivityThread.java:5072)
04-07 11:45:20.100 W/System.err( 9602):     at java.lang.reflect.Method.invokeNative(Native Method)
04-07 11:45:20.100 W/System.err( 9602):     at java.lang.reflect.Method.invoke(Method.java:515)
04-07 11:45:20.100 W/System.err( 9602):     at com.android.internal.os.ZygoteInit$MethodAndArgsCaller.run(ZygoteInit.java:780)
04-07 11:45:20.100 W/System.err( 9602):     at com.android.internal.os.ZygoteInit.main(ZygoteInit.java:596)
04-07 11:45:20.100 W/System.err( 9602):     at dalvik.system.NativeStart.main(Native Method)
04-07 11:45:20.100 W/System.err( 9602): android.os.DeadObjectException
04-07 11:45:20.100 W/System.err( 9602):     at android.os.BinderProxy.transact(Native Method)
04-07 11:45:20.100 W/System.err( 9602):     at com.kingwaytek.service.EngineAidl$Stub$Proxy.MV3D_ShowPoiCategory(EngineAidl.java:7491)
04-07 11:45:20.100 W/System.err( 9602):     at com.kingwaytek.navi.jni.EngineApi$Setting.MV3D_ShowPoiCategory(EngineApi.java:2279)
04-07 11:45:20.100 W/System.err( 9602):     at com.kingwaytek.navi.SettingEngine$MapIconDisplay.setShowPoiCategory(SettingEngine.java:101)
04-07 11:45:20.100 W/System.err( 9602):     at com.kingwaytek.navi.SettingEngine.initDisplayMapIcon(SettingEngine.java:1346)
04-07 11:45:20.100 W/System.err( 9602):     at com.kingwaytek.navi.SettingEngine.startSetUpCitusEngine(SettingEngine.java:1699)
04-07 11:45:20.100 W/System.err( 9602):     at com.kingwaytek.MyApplication.setInitFollowIfEngineFirstCreate(MyApplication.java:86)
04-07 11:45:20.100 W/System.err( 9602):     at com.kingwaytek.MyApplication.onEngineServiceConnected(MyApplication.java:68)
04-07 11:45:20.100 W/System.err( 9602):     at com.kingwaytek.BaseApplication$3.onServiceConnected(BaseApplication.java:113)
04-07 11:45:20.100 W/System.err( 9602):     at android.app.LoadedApk$ServiceDispatcher.doConnected(LoadedApk.java:1110)
04-07 11:45:20.100 W/System.err( 9602):     at android.app.LoadedApk$ServiceDispatcher$RunConnection.run(LoadedApk.java:1127)
04-07 11:45:20.100 W/System.err( 9602):     at android.os.Handler.handleCallback(Handler.java:733)
04-07 11:45:20.100 W/System.err( 9602):     at android.os.Handler.dispatchMessage(Handler.java:95)
04-07 11:45:20.100 W/System.err( 9602):     at android.os.Looper.loop(Looper.java:136)
04-07 11:45:20.100 W/System.err( 9602):     at android.app.ActivityThread.main(ActivityThread.java:5072)
04-07 11:45:20.100 W/System.err( 9602):     at java.lang.reflect.Method.invokeNative(Native Method)
04-07 11:45:20.100 W/System.err( 9602):     at java.lang.reflect.Method.invoke(Method.java:515)
04-07 11:45:20.100 W/System.err( 9602):     at com.android.internal.os.ZygoteInit$MethodAndArgsCaller.run(ZygoteInit.java:780)
04-07 11:45:20.100 W/System.err( 9602):     at com.android.internal.os.ZygoteInit.main(ZygoteInit.java:596)
04-07 11:45:20.100 W/System.err( 9602):     at dalvik.system.NativeStart.main(Native Method)
04-07 11:45:20.100 W/System.err( 9602): android.os.DeadObjectException
04-07 11:45:20.100 W/System.err( 9602):     at android.os.BinderProxy.transact(Native Method)
04-07 11:45:20.100 W/System.err( 9602):     at com.kingwaytek.service.EngineAidl$Stub$Proxy.MV3D_ShowPoiCategory(EngineAidl.java:7491)
04-07 11:45:20.100 W/System.err( 9602):     at com.kingwaytek.navi.jni.EngineApi$Setting.MV3D_ShowPoiCategory(EngineApi.java:2279)
04-07 11:45:20.100 W/System.err( 9602):     at com.kingwaytek.navi.SettingEngine$MapIconDisplay.setShowPoiCategory(SettingEngine.java:101)
04-07 11:45:20.100 W/System.err( 9602):     at com.kingwaytek.navi.SettingEngine.initDisplayMapIcon(SettingEngine.java:1346)
04-07 11:45:20.100 W/System.err( 9602):     at com.kingwaytek.navi.SettingEngine.startSetUpCitusEngine(SettingEngine.java:1699)
04-07 11:45:20.100 W/System.err( 9602):     at com.kingwaytek.MyApplication.setInitFollowIfEngineFirstCreate(MyApplication.java:86)
04-07 11:45:20.100 W/System.err( 9602):     at com.kingwaytek.MyApplication.onEngineServiceConnected(MyApplication.java:68)
04-07 11:45:20.100 W/System.err( 9602):     at com.kingwaytek.BaseApplication$3.onServiceConnected(BaseApplication.java:113)
04-07 11:45:20.100 W/System.err( 9602):     at android.app.LoadedApk$ServiceDispatcher.doConnected(LoadedApk.java:1110)
04-07 11:45:20.100 W/System.err( 9602):     at android.app.LoadedApk$ServiceDispatcher$RunConnection.run(LoadedApk.java:1127)
04-07 11:45:20.100 W/System.err( 9602):     at android.os.Handler.handleCallback(Handler.java:733)
04-07 11:45:20.100 W/System.err( 9602):     at android.os.Handler.dispatchMessage(Handler.java:95)
04-07 11:45:20.100 W/System.err( 9602):     at android.os.Looper.loop(Looper.java:136)
04-07 11:45:20.110 W/System.err( 9602):     at android.app.ActivityThread.main(ActivityThread.java:5072)
04-07 11:45:20.110 W/System.err( 9602):     at java.lang.reflect.Method.invokeNative(Native Method)
04-07 11:45:20.110 W/System.err( 9602):     at java.lang.reflect.Method.invoke(Method.java:515)
04-07 11:45:20.110 W/System.err( 9602):     at com.android.internal.os.ZygoteInit$MethodAndArgsCaller.run(ZygoteInit.java:780)
04-07 11:45:20.110 W/System.err( 9602):     at com.android.internal.os.ZygoteInit.main(ZygoteInit.java:596)
04-07 11:45:20.110 W/System.err( 9602):     at dalvik.system.NativeStart.main(Native Method)
04-07 11:45:20.110 W/System.err( 9602): android.os.DeadObjectException
04-07 11:45:20.110 W/System.err( 9602):     at android.os.BinderProxy.transact(Native Method)
04-07 11:45:20.110 W/System.err( 9602):     at com.kingwaytek.service.EngineAidl$Stub$Proxy.MV3D_ShowPoiCategory(EngineAidl.java:7491)
04-07 11:45:20.110 W/System.err( 9602):     at com.kingwaytek.navi.jni.EngineApi$Setting.MV3D_ShowPoiCategory(EngineApi.java:2279)
04-07 11:45:20.110 W/System.err( 9602):     at com.kingwaytek.navi.SettingEngine$MapIconDisplay.setShowPoiCategory(SettingEngine.java:101)
04-07 11:45:20.110 W/System.err( 9602):     at com.kingwaytek.navi.SettingEngine.initDisplayMapIcon(SettingEngine.java:1346)
04-07 11:45:20.110 W/System.err( 9602):     at com.kingwaytek.navi.SettingEngine.startSetUpCitusEngine(SettingEngine.java:1699)
04-07 11:45:20.110 W/System.err( 9602):     at com.kingwaytek.MyApplication.setInitFollowIfEngineFirstCreate(MyApplication.java:86)
04-07 11:45:20.110 W/System.err( 9602):     at com.kingwaytek.MyApplication.onEngineServiceConnected(MyApplication.java:68)
04-07 11:45:20.110 W/System.err( 9602):     at com.kingwaytek.BaseApplication$3.onServiceConnected(BaseApplication.java:113)
04-07 11:45:20.110 W/System.err( 9602):     at android.app.LoadedApk$ServiceDispatcher.doConnected(LoadedApk.java:1110)
04-07 11:45:20.110 W/System.err( 9602):     at android.app.LoadedApk$ServiceDispatcher$RunConnection.run(LoadedApk.java:1127)
04-07 11:45:20.110 W/System.err( 9602):     at android.os.Handler.handleCallback(Handler.java:733)
04-07 11:45:20.110 W/System.err( 9602):     at android.os.Handler.dispatchMessage(Handler.java:95)
04-07 11:45:20.110 W/System.err( 9602):     at android.os.Looper.loop(Looper.java:136)
04-07 11:45:20.110 W/System.err( 9602):     at android.app.ActivityThread.main(ActivityThread.java:5072)
04-07 11:45:20.110 W/System.err( 9602):     at java.lang.reflect.Method.invokeNative(Native Method)
04-07 11:45:20.110 W/System.err( 9602):     at java.lang.reflect.Method.invoke(Method.java:515)
04-07 11:45:20.110 W/System.err( 9602):     at com.android.internal.os.ZygoteInit$MethodAndArgsCaller.run(ZygoteInit.java:780)
04-07 11:45:20.110 W/System.err( 9602):     at com.android.internal.os.ZygoteInit.main(ZygoteInit.java:596)
04-07 11:45:20.110 W/System.err( 9602):     at dalvik.system.NativeStart.main(Native Method)
04-07 11:45:20.110 W/System.err( 9602): android.os.DeadObjectException
04-07 11:45:20.110 W/System.err( 9602):     at android.os.BinderProxy.transact(Native Method)
04-07 11:45:20.110 W/System.err( 9602):     at com.kingwaytek.service.EngineAidl$Stub$Proxy.MV3D_ShowPoiCategory(EngineAidl.java:7491)
04-07 11:45:20.110 W/System.err( 9602):     at com.kingwaytek.navi.jni.EngineApi$Setting.MV3D_ShowPoiCategory(EngineApi.java:2279)
04-07 11:45:20.110 W/System.err( 9602):     at com.kingwaytek.navi.SettingEngine$MapIconDisplay.setShowPoiCategory(SettingEngine.java:101)
04-07 11:45:20.110 W/System.err( 9602):     at com.kingwaytek.navi.SettingEngine.initDisplayMapIcon(SettingEngine.java:1346)
04-07 11:45:20.110 W/System.err( 9602):     at com.kingwaytek.navi.SettingEngine.startSetUpCitusEngine(SettingEngine.java:1699)
04-07 11:45:20.110 W/System.err( 9602):     at com.kingwaytek.MyApplication.setInitFollowIfEngineFirstCreate(MyApplication.java:86)
04-07 11:45:20.110 W/System.err( 9602):     at com.kingwaytek.MyApplication.onEngineServiceConnected(MyApplication.java:68)
04-07 11:45:20.110 W/System.err( 9602):     at com.kingwaytek.BaseApplication$3.onServiceConnected(BaseApplication.java:113)
04-07 11:45:20.110 W/System.err( 9602):     at android.app.LoadedApk$ServiceDispatcher.doConnected(LoadedApk.java:1110)
04-07 11:45:20.110 W/System.err( 9602):     at android.app.LoadedApk$ServiceDispatcher$RunConnection.run(LoadedApk.java:1127)
04-07 11:45:20.110 W/System.err( 9602):     at android.os.Handler.handleCallback(Handler.java:733)
04-07 11:45:20.110 W/System.err( 9602):     at android.os.Handler.dispatchMessage(Handler.java:95)
04-07 11:45:20.110 W/System.err( 9602):     at android.os.Looper.loop(Looper.java:136)
04-07 11:45:20.110 W/System.err( 9602):     at android.app.ActivityThread.main(ActivityThread.java:5072)
04-07 11:45:20.110 W/System.err( 9602):     at java.lang.reflect.Method.invokeNative(Native Method)
04-07 11:45:20.110 W/System.err( 9602):     at java.lang.reflect.Method.invoke(Method.java:515)
04-07 11:45:20.110 W/System.err( 9602):     at com.android.internal.os.ZygoteInit$MethodAndArgsCaller.run(ZygoteInit.java:780)
04-07 11:45:20.110 W/System.err( 9602):     at com.android.internal.os.ZygoteInit.main(ZygoteInit.java:596)
04-07 11:45:20.110 W/System.err( 9602):     at dalvik.system.NativeStart.main(Native Method)
04-07 11:45:20.110 W/System.err( 9602): android.os.DeadObjectException
04-07 11:45:20.110 W/System.err( 9602):     at android.os.BinderProxy.transact(Native Method)
04-07 11:45:20.110 W/System.err( 9602):     at com.kingwaytek.service.EngineAidl$Stub$Proxy.MV3D_ShowPoiCategory(EngineAidl.java:7491)
04-07 11:45:20.110 W/System.err( 9602):     at com.kingwaytek.navi.jni.EngineApi$Setting.MV3D_ShowPoiCategory(EngineApi.java:2279)
04-07 11:45:20.110 W/System.err( 9602):     at com.kingwaytek.navi.SettingEngine$MapIconDisplay.setShowPoiCategory(SettingEngine.java:101)
04-07 11:45:20.110 W/System.err( 9602):     at com.kingwaytek.navi.SettingEngine.initDisplayMapIcon(SettingEngine.java:1346)
04-07 11:45:20.110 W/System.err( 9602):     at com.kingwaytek.navi.SettingEngine.startSetUpCitusEngine(SettingEngine.java:1699)
04-07 11:45:20.110 W/System.err( 9602):     at com.kingwaytek.MyApplication.setInitFollowIfEngineFirstCreate(MyApplication.java:86)
04-07 11:45:20.110 W/System.err( 9602):     at com.kingwaytek.MyApplication.onEngineServiceConnected(MyApplication.java:68)
04-07 11:45:20.110 W/System.err( 9602):     at com.kingwaytek.BaseApplication$3.onServiceConnected(BaseApplication.java:113)
04-07 11:45:20.110 W/System.err( 9602):     at android.app.LoadedApk$ServiceDispatcher.doConnected(LoadedApk.java:1110)
04-07 11:45:20.110 W/System.err( 9602):     at android.app.LoadedApk$ServiceDispatcher$RunConnection.run(LoadedApk.java:1127)
04-07 11:45:20.110 W/System.err( 9602):     at android.os.Handler.handleCallback(Handler.java:733)
04-07 11:45:20.110 W/System.err( 9602):     at android.os.Handler.dispatchMessage(Handler.java:95)
04-07 11:45:20.110 W/System.err( 9602):     at android.os.Looper.loop(Looper.java:136)
04-07 11:45:20.110 W/System.err( 9602):     at android.app.ActivityThread.main(ActivityThread.java:5072)
04-07 11:45:20.110 W/System.err( 9602):     at java.lang.reflect.Method.invokeNative(Native Method)
04-07 11:45:20.110 W/System.err( 9602):     at java.lang.reflect.Method.invoke(Method.java:515)
04-07 11:45:20.110 W/System.err( 9602):     at com.android.internal.os.ZygoteInit$MethodAndArgsCaller.run(ZygoteInit.java:780)
04-07 11:45:20.110 W/System.err( 9602):     at com.android.internal.os.ZygoteInit.main(ZygoteInit.java:596)
04-07 11:45:20.110 W/System.err( 9602):     at dalvik.system.NativeStart.main(Native Method)
04-07 11:45:20.110 W/System.err( 9602): android.os.DeadObjectException
04-07 11:45:20.110 W/System.err( 9602):     at android.os.BinderProxy.transact(Native Method)
04-07 11:45:20.110 W/System.err( 9602):     at com.kingwaytek.service.EngineAidl$Stub$Proxy.MV3D_ShowPoiCategory(EngineAidl.java:7491)
04-07 11:45:20.110 W/System.err( 9602):     at com.kingwaytek.navi.jni.EngineApi$Setting.MV3D_ShowPoiCategory(EngineApi.java:2279)
04-07 11:45:20.110 W/System.err( 9602):     at com.kingwaytek.navi.SettingEngine$MapIconDisplay.setShowPoiCategory(SettingEngine.java:101)
04-07 11:45:20.110 W/System.err( 9602):     at com.kingwaytek.navi.SettingEngine.initDisplayMapIcon(SettingEngine.java:1346)
04-07 11:45:20.110 W/System.err( 9602):     at com.kingwaytek.navi.SettingEngine.startSetUpCitusEngine(SettingEngine.java:1699)
04-07 11:45:20.110 W/System.err( 9602):     at com.kingwaytek.MyApplication.setInitFollowIfEngineFirstCreate(MyApplication.java:86)
04-07 11:45:20.110 W/System.err( 9602):     at com.kingwaytek.MyApplication.onEngineServiceConnected(MyApplication.java:68)
04-07 11:45:20.120 W/System.err( 9602):     at com.kingwaytek.BaseApplication$3.onServiceConnected(BaseApplication.java:113)
04-07 11:45:20.120 W/System.err( 9602):     at android.app.LoadedApk$ServiceDispatcher.doConnected(LoadedApk.java:1110)
04-07 11:45:20.120 W/System.err( 9602):     at android.app.LoadedApk$ServiceDispatcher$RunConnection.run(LoadedApk.java:1127)
04-07 11:45:20.120 W/System.err( 9602):     at android.os.Handler.handleCallback(Handler.java:733)
04-07 11:45:20.120 W/System.err( 9602):     at android.os.Handler.dispatchMessage(Handler.java:95)
04-07 11:45:20.120 W/System.err( 9602):     at android.os.Looper.loop(Looper.java:136)
04-07 11:45:20.120 W/System.err( 9602):     at android.app.ActivityThread.main(ActivityThread.java:5072)
04-07 11:45:20.120 W/System.err( 9602):     at java.lang.reflect.Method.invokeNative(Native Method)
04-07 11:45:20.120 W/System.err( 9602):     at java.lang.reflect.Method.invoke(Method.java:515)
04-07 11:45:20.120 W/System.err( 9602):     at com.android.internal.os.ZygoteInit$MethodAndArgsCaller.run(ZygoteInit.java:780)
04-07 11:45:20.120 W/System.err( 9602):     at com.android.internal.os.ZygoteInit.main(ZygoteInit.java:596)
